<!DOCTYPE html>
<html lang="en">
<head>
  <meta charset="UTF-8">
  <title>Index</title>
  <link rel="stylesheet" href="styles/main.css?t=1415128382750" />
  <link rel="stylesheet" href="http://cdn.com/styles/main.css" />
  <script src="scripts/main.js?t=1415128382750"></script>
</head>
<body>
  <script src="scripts/moar.js?t=1415128382750"></script>
  <script src="http://best-cdn-ever.com/scripts/evenMoar.js"></script>
</body>
</html>
